
> denty-website@0.0.0 build
> vite build

[36mvite v8.0.3 [32mbuilding client environment for production...[36m[39m
[2K
transforming...Γ£ô 91 modules transformed.
rendering chunks...
computing gzip size...
dist/index.html                     0.46 kB Γöé gzip:   0.30 kB
dist/assets/index-MXcTFj32.css     43.43 kB Γöé gzip:   8.54 kB
dist/assets/index-DQKH__Qu.js   1,136.37 kB Γöé gzip: 317.58 kB

node.exe : [33m[plugin 
builtin:vite-reporter] 
At line:1 char:1
+ & "C:\Program 
Files\nodejs/node.exe" "C:\Program 
Files\nodejs/node_mo ...
+ ~~~~~~~~~~~~~~~~~~~~~~~~~~~~~~~~~
~~~~~~~~~~~~~~~~~~~~~~~~~~~~~~~~~~~
~
    + CategoryInfo          :     
NotSpecified: ([33m[plu    gin 
builtin:vite-reporter    ] 
:String) [], RemoteExce    ption
    + FullyQualifiedErrorId :     
NativeCommandError
 
(!) Some chunks are larger than 
500 kB after minification. 
Consider:
- Using dynamic import() to 
code-split the application
- Use build.rolldownOptions.output.
codeSplitting to improve chunking: 
https://rolldown.rs/reference/Outpu
tOptions.codeSplitting
- Adjust chunk size limit for this 
warning via 
build.chunkSizeWarningLimit.[39m
[31mΓ£ù[39m Build failed in 449ms
[31merror during build:
[31mBuild failed with 1 error:

Error: [vite]: Rolldown failed to 
resolve import "tslib" from 
"E:/denty website/node_modules/@sup
abase/functions-js/dist/module/Func
tionsClient.js".
This is most likely unintended 
because it can break your 
application at runtime.
If you do want to externalize this 
module explicitly add it to
`build.rollupOptions.external`
    at viteLog (file:///E:/denty%20
website/node_modules/vite/dist/node
/chunks/node.js:32942:57)
    at file:///E:/denty%20website/n
ode_modules/vite/dist/node/chunks/n
ode.js:32978:71
    at onwarn (file:///E:/denty%20w
ebsite/node_modules/@vitejs/plugin-
react/dist/index.js:40:7)
    at file:///E:/denty%20website/n
ode_modules/vite/dist/node/chunks/n
ode.js:32978:28
    at onRollupLog (file:///E:/dent
y%20website/node_modules/vite/dist/
node/chunks/node.js:32973:63)
    at onLog (file:///E:/denty%20we
bsite/node_modules/vite/dist/node/c
hunks/node.js:32743:4)
    at file:///E:/denty%20website/n
ode_modules/rolldown/dist/shared/ro
lldown-build-CPrIX9V6.mjs:49:26
    at logger (file:///E:/denty%20w
ebsite/node_modules/rolldown/dist/s
hared/rolldown-build-CPrIX9V6.mjs:4
0:3)
    at onLog (file:///E:/denty%20we
bsite/node_modules/rolldown/dist/sh
ared/bindingify-input-options-e7ze4
hPR.mjs:1972:32)[31m
    at 
aggregateBindingErrorsIntoJsError (
file:///E:/denty%20website/node_mod
ules/rolldown/dist/shared/error-BLh
cSyeg.mjs:48:18)
    at unwrapBindingResult (file://
/E:/denty%20website/node_modules/ro
lldown/dist/shared/error-BLhcSyeg.m
js:18:128)
    at #build (file:///E:/denty%20w
ebsite/node_modules/rolldown/dist/s
hared/rolldown-build-CPrIX9V6.mjs:3
313:34)
    at async buildEnvironment (file
:///E:/denty%20website/node_modules
/vite/dist/node/chunks/node.js:3284
9:64)
    at async Object.build (file:///
E:/denty%20website/node_modules/vit
e/dist/node/chunks/node.js:33271:19
)
    at async Object.buildApp (file:
///E:/denty%20website/node_modules/
vite/dist/node/chunks/node.js:33268
:153)
    at async CAC.<anonymous> (file:
///E:/denty%20website/node_modules/
vite/dist/node/cli.js:778:3) {
  errors: [Getter/Setter]
}[39m
